> Task :core:compileJava UP-TO-DATE
> Task :core:processResources NO-SOURCE
> Task :core:classes UP-TO-DATE
> Task :core:jar UP-TO-DATE

> Task :ios:compileJava FAILED
D:\Yusuf\WordConnect_03.12.2025\WordConnect\ios\src\studioyes\kelimedunyasi\IOSAppExit.java:14: error: unmappable character (0x9E) for encoding windows-1254
 * ve uygulamayÄ± "arka plana" alÄ±r (exit(0) Ã‡AÄ?IRMAZ).
                                                  ^
D:\Yusuf\WordConnect_03.12.2025\WordConnect\ios\src\studioyes\kelimedunyasi\IOSAdManager.java:55: error: method does not override or implement a method from a supertype
                @Override
                ^
D:\Yusuf\WordConnect_03.12.2025\WordConnect\ios\src\studioyes\kelimedunyasi\IOSAdManager.java:82: error: method does not override or implement a method from a supertype
                @Override
                ^
D:\Yusuf\WordConnect_03.12.2025\WordConnect\ios\src\studioyes\kelimedunyasi\IOSAdManager.java:118: error: method does not override or implement a method from a supertype
                @Override
                ^
Note: Some input files use or override a deprecated API.
Note: Recompile with -Xlint:deprecation for details.
3 errors

FAILURE: Build failed with an exception.

* What went wrong:
Execution failed for task ':ios:compileJava'.
> Compilation failed; see the compiler error output for details.

* Try:
> Run with --stacktrace option to get the stack trace.
> Run with --info or --debug option to get more log output.
> Run with --scan to get full insights.

* Get more help at https://help.gradle.org

Deprecated Gradle features were used in this build, making it incompatible with Gradle 8.0.

You can use '--warning-mode all' to show the individual deprecation warnings and determine if they come from your own scripts or plugins.

See https://docs.gradle.org/7.5/userguide/command_line_interface.html#sec:command_line_warnings

BUÝLD FAILED in 1s
3 actionable tasks: 1 executed, 2 up-to-date
